edu/usfca/cs272/MTInvertedIndex$Task.class
edu/usfca/cs272/InvertedIndex.class
edu/usfca/cs272/ReadWriteLock$SimpleWriteLock.class
edu/usfca/cs272/SearchEngineServer$SearchEnginePostServlet.class
edu/usfca/cs272/HtmlFetcher.class
edu/usfca/cs272/LinkFinder.class
edu/usfca/cs272/Driver.class
edu/usfca/cs272/Entry.class
edu/usfca/cs272/ReadWriteLock$SimpleReadLock.class
edu/usfca/cs272/PrettyJsonWriter.class
edu/usfca/cs272/ArgumentParser.class
edu/usfca/cs272/QueryReader.class
edu/usfca/cs272/ReadWriteLock.class
edu/usfca/cs272/SearchEngineServer.class
edu/usfca/cs272/WordCleaner.class
edu/usfca/cs272/HttpsFetcher.class
edu/usfca/cs272/MTQueryReader.class
edu/usfca/cs272/WorkQueue.class
edu/usfca/cs272/WorkQueue$Worker.class
edu/usfca/cs272/HtmlCleaner.class
edu/usfca/cs272/MTInvertedIndex.class
edu/usfca/cs272/MTInvertedIndex$HtmlTask.class
edu/usfca/cs272/MTQueryReader$Task.class
edu/usfca/cs272/FileFinder.class
edu/usfca/cs272/SearchEngineServer$SearchEngineGetServlet.class
edu/usfca/cs272/ReadWriteLock$SimpleLock.class
edu/usfca/cs272/WordCount.class
