/Volumes/NINO'S SSD 1/Search Engine/project-nestrada2/src/main/java/edu/usfca/cs272/QueryReader.java
/Volumes/NINO'S SSD 1/Search Engine/project-nestrada2/src/main/java/edu/usfca/cs272/ArgumentParser.java
/Volumes/NINO'S SSD 1/Search Engine/project-nestrada2/src/main/java/edu/usfca/cs272/HtmlFetcher.java
/Volumes/NINO'S SSD 1/Search Engine/project-nestrada2/src/main/java/edu/usfca/cs272/ReadWriteLock.java
/Volumes/NINO'S SSD 1/Search Engine/project-nestrada2/src/main/java/edu/usfca/cs272/LinkFinder.java
/Volumes/NINO'S SSD 1/Search Engine/project-nestrada2/src/main/java/edu/usfca/cs272/Driver.java
/Volumes/NINO'S SSD 1/Search Engine/project-nestrada2/src/main/java/edu/usfca/cs272/MTInvertedIndex.java
/Volumes/NINO'S SSD 1/Search Engine/project-nestrada2/src/main/java/edu/usfca/cs272/InvertedIndex.java
/Volumes/NINO'S SSD 1/Search Engine/project-nestrada2/src/main/java/edu/usfca/cs272/MTQueryReader.java
/Volumes/NINO'S SSD 1/Search Engine/project-nestrada2/src/main/java/edu/usfca/cs272/WorkQueue.java
/Volumes/NINO'S SSD 1/Search Engine/project-nestrada2/src/main/java/edu/usfca/cs272/HtmlCleaner.java
/Volumes/NINO'S SSD 1/Search Engine/project-nestrada2/src/main/java/edu/usfca/cs272/SearchEngineServer.java
/Volumes/NINO'S SSD 1/Search Engine/project-nestrada2/src/main/java/edu/usfca/cs272/WordCleaner.java
/Volumes/NINO'S SSD 1/Search Engine/project-nestrada2/src/main/java/edu/usfca/cs272/WordCount.java
/Volumes/NINO'S SSD 1/Search Engine/project-nestrada2/src/main/java/edu/usfca/cs272/Entry.java
/Volumes/NINO'S SSD 1/Search Engine/project-nestrada2/src/main/java/edu/usfca/cs272/FileFinder.java
/Volumes/NINO'S SSD 1/Search Engine/project-nestrada2/src/main/java/edu/usfca/cs272/PrettyJsonWriter.java
/Volumes/NINO'S SSD 1/Search Engine/project-nestrada2/src/main/java/edu/usfca/cs272/HttpsFetcher.java
